// Jest Snapshot v1, https://goo.gl/fbAQLP

exports[`matches ToDoList snapshot 1`] = `
<DocumentFragment>
  <form
    data-testid="new-todo-form"
  >
    <label
      for="text"
    >
      Text:
    </label>
    <input
      id="text"
      name="text"
      value=""
    />
    <button>
      Add To Do
    </button>
  </form>
</DocumentFragment>
`;
